[ 2026.02.22 13:37:41 ] (combat) <color=0xff00ffff><b>1200911</b> <color=0x77ffffff><font size=10>对</font> <b><color=0xffffffff>SLBY BC[.CCT.](神示级海军型*)</b><font size=10><color=0x77ffffff> - '赫姆达洱之咆哮'爆炸末日武器* - 命中 SLBY BC[.CCT.](神示级海军型*)
[ 2026.02.24 11:46:06 ] (combat) <color=0xffccff66><b>1623</b><color=0x77ffffff><font size=10>远程装甲维修量至</font><b><color=0xffffffff><font size=14><color=0xFFFFCC66> <u><b>台风级舰队型*</b></u></color></font><font size=14><color=0xFFFFCC66> [B B C]</color></font><font size=12><color=0xFFFFFFCC> [<b>AVDOT</b>]</color></font> <font size=12><color=0xFFFFFFFF> <b>Crossrot</b> -</color></font></b><color=0x77ffffff><font size=10> - 雷电裔重型突变适应远程装甲维修器*
[ 2026.02.22 13:51:00 ] (combat) <color=0xffccff66><b>0</b><color=0x77ffffff><font size=10>远程装甲维修量至</font><b><color=0xffffffff><font size=14><color=0xFFFFCC66> <u><b><localized hint="Bhaalgorn">巴戈龙级*</b></u></color></font><font size=14><color=0xFFFFCC66> [B B C]</color></font><font size=12><color=0xFFFFFFCC> [<b>3TRIL</b>]</color></font> <font size=12><color=0xFFFFFFFF> <b>B0ZziLLa</b> -</color></font></b><color=0x77ffffff><font size=10> - <localized hint="Capital I-ax Enduring Remote Armor Repairer">旗舰级I-ax持久型远程装甲维修器*
[ 2026.02.22 13:30:00 ] (combat) 收听者: L-Tilda
